// Jest Snapshot v1, https://goo.gl/fbAQLP

exports[`<Search /> should render correctly and match snapshot 1`] = `
<div>
  <label
    for="location"
  >
    Enter Country/City
  </label>
  <input
    name="location"
    type="text"
    value=""
  />
  <button
    aria-label="Search"
    type="button"
  >
    Search
  </button>
</div>
`;
