// Jest Snapshot v1, https://goo.gl/fbAQLP

exports[`<App /> should render correctly and match snapshot 1`] = `
<div>
  <div
    class="main "
  >
    <div
      class="main__container"
    >
      <label
        for="location"
      >
        Enter Country/City
      </label>
      <input
        name="location"
        type="text"
        value=""
      />
      <button
        aria-label="Search"
        type="button"
      >
        Search
      </button>
      <ul />
    </div>
  </div>
</div>
`;
