// Jest Snapshot v1, https://goo.gl/fbAQLP

exports[`<WeatherDisplay /> should render correctly and match snapshot 1`] = `
<div>
  <div
    class="relative"
  >
    <h1>
      Today's Weather
    </h1>
    <div
      class="weather-display__container"
    >
      <div
        class="weather-display__left-container"
      >
        <h2
          class="weather-display__temp"
        >
          100
          °
        </h2>
        <div
          class="flex gap-x-2"
        >
          <p>
            H: 
            100
            °
          </p>
          <p>
            L: 
            100
            °
          </p>
        </div>
        <h3
          class="weather-display__city"
        >
          name, country
        </h3>
      </div>
      <div
        class="weather-display__right-container"
      >
        <p>
          cloudy
        </p>
        <p>
          Humidity: 
          100
          %
        </p>
        <p />
      </div>
    </div>
    <img
      alt="Graphical Image of a sun behind a cloud"
      class="weather-display__image"
      src="sun.png"
    />
  </div>
</div>
`;
